#
# There is insufficient memory for the Java Runtime Environment to continue.
# Native memory allocation (malloc) failed to allocate 1048576 bytes. Error detail: AllocateHeap
# Possible reasons:
#   The system is out of physical RAM or swap space
#   This process is running with CompressedOops enabled, and the Java Heap may be blocking the growth of the native heap
# Possible solutions:
#   Reduce memory load on the system
#   Increase physical memory or swap space
#   Check if swap backing store is full
#   Decrease Java heap size (-Xmx/-Xms)
#   Decrease number of Java threads
#   Decrease Java thread stack sizes (-Xss)
#   Set larger code cache with -XX:ReservedCodeCacheSize=
#   JVM is running with Unscaled Compressed Oops mode in which the Java heap is
#     placed in the first 4GB address space. The Java Heap base address is the
#     maximum limit for the native heap growth. Please use -XX:HeapBaseMinAddress
#     to set the Java Heap base and to place the Java Heap above 4GB virtual address.
# This output file may be truncated or incomplete.
#
#  Out of Memory Error (allocation.cpp:44), pid=13232, tid=14160
#
# JRE version:  (17.0.12+7) (build )
# Java VM: OpenJDK 64-Bit Server VM (17.0.12+7, mixed mode, sharing, tiered, compressed oops, compressed class ptrs, g1 gc, windows-amd64)
# No core dump will be written. Minidumps are not enabled by default on client versions of Windows
#

---------------  S U M M A R Y ------------

Command Line: org.jetbrains.kotlin.cli.jvm.K2JVMCompiler @C:\SDK\flutter\packages\flutter_tools\gradle\build\20250627_9320243022891171188.compiler.options

Host: AMD Ryzen 5 5600X 6-Core Processor             , 12 cores, 7G,  Windows 11 , 64 bit Build 26100 (10.0.26100.4202)
Time: Fri Jun 27 22:00:14 2025 India Standard Time elapsed time: 1.007773 seconds (0d 0h 0m 1s)

---------------  T H R E A D  ---------------

Current thread (0x000001ea5a22a280):  JavaThread "Unknown thread" [_thread_in_vm, id=14160, stack(0x000000a415200000,0x000000a415300000)]

Stack: [0x000000a415200000,0x000000a415300000]
Native frames: (J=compiled Java code, j=interpreted, Vv=VM code, C=native code)
V  [jvm.dll+0x67f929]
V  [jvm.dll+0x8371ba]
V  [jvm.dll+0x838c7e]
V  [jvm.dll+0x8392e3]
V  [jvm.dll+0x24834f]
V  [jvm.dll+0xa70d3]
V  [jvm.dll+0x2e7fe2]
V  [jvm.dll+0x2dfecb]
V  [jvm.dll+0x808a4b]
V  [jvm.dll+0x36d3b1]
V  [jvm.dll+0x7e7425]
V  [jvm.dll+0x3f0edf]
V  [jvm.dll+0x3f2a31]
C  [jli.dll+0x528f]
C  [ucrtbase.dll+0x37b0]
C  [KERNEL32.DLL+0x2e8d7]
C  [ntdll.dll+0x3c34c]


---------------  P R O C E S S  ---------------

Threads class SMR info:
_java_thread_list=0x00007ffdad136f18, length=0, elements={
}

Java Threads: ( => current thread )

Other Threads:
  0x000001ea5a288a60 GCTaskThread "GC Thread#0" [stack: 0x000000a415300000,0x000000a415400000] [id=19996]

[error occurred during error reporting (printing all threads), id 0xc0000005, EXCEPTION_ACCESS_VIOLATION (0xc0000005) at pc=0x00007ffdac8ecc80]

VM state: not at safepoint (not fully initialized)

VM Mutex/Monitor currently owned by a thread:  ([mutex/lock_event])
[0x000001ea5a225db0] Heap_lock - owner thread: 0x000001ea5a22a280

Heap address: 0x0000000081400000, size: 2028 MB, Compressed Oops mode: 32-bit

CDS archive(s) mapped at: [0x0000000000000000-0x0000000000000000-0x0000000000000000), size 0, SharedBaseAddress: 0x0000000800000000, ArchiveRelocationMode: 1.
Narrow klass base: 0x0000000000000000, Narrow klass shift: 0, Narrow klass range: 0x0

GC Precious Log:
<Empty>

Heap:
 garbage-first heap   total 0K, used 0K [0x0000000081400000, 0x0000000100000000)
  region size 1024K, 0 young (0K), 0 survivors (0K)

[error occurred during error reporting (printing heap information), id 0xc0000005, EXCEPTION_ACCESS_VIOLATION (0xc0000005) at pc=0x00007ffdaccd8bf9]

GC Heap History (0 events):
No events

Dll operation events (1 events):
Event: 0.005 Loaded shared library C:\Program Files\Eclipse Adoptium\jdk-17.0.12.7-hotspot\bin\java.dll

Deoptimization events (0 events):
No events

Classes loaded (0 events):
No events

Classes unloaded (0 events):
No events

Classes redefined (0 events):
No events

Internal exceptions (0 events):
No events

VM Operations (0 events):
No events

Events (0 events):
No events


Dynamic libraries:
0x00007ff7f1aa0000 - 0x00007ff7f1aae000 	C:\Program Files\Eclipse Adoptium\jdk-17.0.12.7-hotspot\bin\java.exe
0x00007ffe28480000 - 0x00007ffe286e5000 	C:\WINDOWS\SYSTEM32\ntdll.dll
0x00007ffe27460000 - 0x00007ffe27529000 	C:\WINDOWS\System32\KERNEL32.DLL
0x00007ffe25890000 - 0x00007ffe25c78000 	C:\WINDOWS\System32\KERNELBASE.dll
0x00007ffe26020000 - 0x00007ffe2616b000 	C:\WINDOWS\System32\ucrtbase.dll
0x00007ffdde4f0000 - 0x00007ffdde507000 	C:\Program Files\Eclipse Adoptium\jdk-17.0.12.7-hotspot\bin\jli.dll
0x00007ffdddd30000 - 0x00007ffdddd4b000 	C:\Program Files\Eclipse Adoptium\jdk-17.0.12.7-hotspot\bin\VCRUNTIME140.dll
0x00007ffe27930000 - 0x00007ffe27afa000 	C:\WINDOWS\System32\USER32.dll
0x00007ffe051b0000 - 0x00007ffe0544a000 	C:\WINDOWS\WinSxS\amd64_microsoft.windows.common-controls_6595b64144ccf1df_6.0.26100.4202_none_3e0698d4e335f517\COMCTL32.dll
0x00007ffe25ea0000 - 0x00007ffe25ec7000 	C:\WINDOWS\System32\win32u.dll
0x00007ffe28040000 - 0x00007ffe280e9000 	C:\WINDOWS\System32\msvcrt.dll
0x00007ffe28130000 - 0x00007ffe2815b000 	C:\WINDOWS\System32\GDI32.dll
0x00007ffe25750000 - 0x00007ffe25887000 	C:\WINDOWS\System32\gdi32full.dll
0x00007ffe26170000 - 0x00007ffe26213000 	C:\WINDOWS\System32\msvcp_win.dll
0x00007ffe280f0000 - 0x00007ffe28120000 	C:\WINDOWS\System32\IMM32.DLL
0x00007ffdf69f0000 - 0x00007ffdf69fc000 	C:\Program Files\Eclipse Adoptium\jdk-17.0.12.7-hotspot\bin\vcruntime140_1.dll
0x00007ffdbcc80000 - 0x00007ffdbcd0d000 	C:\Program Files\Eclipse Adoptium\jdk-17.0.12.7-hotspot\bin\msvcp140.dll
0x00007ffdac600000 - 0x00007ffdad26a000 	C:\Program Files\Eclipse Adoptium\jdk-17.0.12.7-hotspot\bin\server\jvm.dll
0x00007ffe26dd0000 - 0x00007ffe26e83000 	C:\WINDOWS\System32\ADVAPI32.dll
0x00007ffe27f90000 - 0x00007ffe28036000 	C:\WINDOWS\System32\sechost.dll
0x00007ffe264f0000 - 0x00007ffe26605000 	C:\WINDOWS\System32\RPCRT4.dll
0x00007ffe27000000 - 0x00007ffe27074000 	C:\WINDOWS\System32\WS2_32.dll
0x00007ffe24d30000 - 0x00007ffe24d8e000 	C:\WINDOWS\SYSTEM32\POWRPROF.dll
0x00007ffe1e730000 - 0x00007ffe1e73b000 	C:\WINDOWS\SYSTEM32\VERSION.dll
0x00007ffe19e60000 - 0x00007ffe19e95000 	C:\WINDOWS\SYSTEM32\WINMM.dll
0x00007ffe24d10000 - 0x00007ffe24d24000 	C:\WINDOWS\SYSTEM32\UMPDC.dll
0x00007ffe242b0000 - 0x00007ffe242cb000 	C:\WINDOWS\SYSTEM32\kernel.appcore.dll
0x00007ffdf3ee0000 - 0x00007ffdf3eea000 	C:\Program Files\Eclipse Adoptium\jdk-17.0.12.7-hotspot\bin\jimage.dll
0x00007ffddebd0000 - 0x00007ffddee11000 	C:\WINDOWS\SYSTEM32\DBGHELP.DLL
0x00007ffe270d0000 - 0x00007ffe27455000 	C:\WINDOWS\System32\combase.dll
0x00007ffe28250000 - 0x00007ffe28331000 	C:\WINDOWS\System32\OLEAUT32.dll
0x00007ffe101f0000 - 0x00007ffe10229000 	C:\WINDOWS\SYSTEM32\dbgcore.DLL
0x00007ffe25e00000 - 0x00007ffe25e99000 	C:\WINDOWS\System32\bcryptPrimitives.dll
0x00007ffddcd60000 - 0x00007ffddcd85000 	C:\Program Files\Eclipse Adoptium\jdk-17.0.12.7-hotspot\bin\java.dll

dbghelp: loaded successfully - version: 4.0.5 - missing functions: none
symbol engine: initialized successfully - sym options: 0x614 - pdb path: .;C:\Program Files\Eclipse Adoptium\jdk-17.0.12.7-hotspot\bin;C:\WINDOWS\SYSTEM32;C:\WINDOWS\WinSxS\amd64_microsoft.windows.common-controls_6595b64144ccf1df_6.0.26100.4202_none_3e0698d4e335f517;C:\Program Files\Eclipse Adoptium\jdk-17.0.12.7-hotspot\bin\server

VM Arguments:
java_command: org.jetbrains.kotlin.cli.jvm.K2JVMCompiler @C:\SDK\flutter\packages\flutter_tools\gradle\build\20250627_9320243022891171188.compiler.options
java_class_path (initial): C:\Users\AkashK\.gradle\caches\modules-2\files-2.1\org.jetbrains.kotlin\kotlin-compiler-embeddable\2.0.21\79346ed53db48b18312a472602eb5c057070c54d\kotlin-compiler-embeddable-2.0.21.jar;C:\Users\AkashK\.gradle\caches\modules-2\files-2.1\org.jetbrains.kotlin\kotlin-stdlib\2.0.21\618b539767b4899b4660a83006e052b63f1db551\kotlin-stdlib-2.0.21.jar;C:\Users\AkashK\.gradle\caches\modules-2\files-2.1\org.jetbrains.kotlin\kotlin-script-runtime\2.0.21\c9b044380ad41f89aa89aa896c2d32a8c0b2129d\kotlin-script-runtime-2.0.21.jar;C:\Users\AkashK\.gradle\caches\modules-2\files-2.1\org.jetbrains.kotlin\kotlin-reflect\1.6.10\1cbe9c92c12a94eea200d23c2bbaedaf3daf5132\kotlin-reflect-1.6.10.jar;C:\Users\AkashK\.gradle\caches\modules-2\files-2.1\org.jetbrains.kotlin\kotlin-daemon-embeddable\2.0.21\c9e933b23287de9b5a17e2116b4657bb91aea72c\kotlin-daemon-embeddable-2.0.21.jar;C:\Users\AkashK\.gradle\caches\modules-2\files-2.1\org.jetbrains.intellij.deps\trove4j\1.0.20200330\3afb14d5f9ceb459d724e907a21145e8ff394f02\trove4j-1.0.20200330.jar;C:\Users\AkashK\.gradle\caches\modules-2\files-2.1\org.jetbrains.kotlinx\kotlinx-coroutines-core-jvm\1.6.4\2c997cd1c0ef33f3e751d3831929aeff1390cb30\kotlinx-coroutines-core-jvm-1.6.4.jar;C:\Users\AkashK\.gradle\caches\modules-2\files-2.1\org.jetbrains\annotations\13.0\919f0dfe192fb4e063e7dacadee7f8bb9a2672a9\annotations-13.0.jar
Launcher Type: SUN_STANDARD

[Global flags]
     intx CICompilerCount                          = 4                                         {product} {ergonomic}
     uint ConcGCThreads                            = 3                                         {product} {ergonomic}
     uint G1ConcRefinementThreads                  = 10                                        {product} {ergonomic}
   size_t G1HeapRegionSize                         = 1048576                                   {product} {ergonomic}
    uintx GCDrainStackTargetSize                   = 64                                        {product} {ergonomic}
   size_t InitialHeapSize                          = 134217728                                 {product} {ergonomic}
   size_t MarkStackSize                            = 4194304                                   {product} {ergonomic}
   size_t MaxHeapSize                              = 2126512128                                {product} {ergonomic}
   size_t MinHeapDeltaBytes                        = 1048576                                   {product} {ergonomic}
   size_t MinHeapSize                              = 8388608                                   {product} {ergonomic}
    uintx NonNMethodCodeHeapSize                   = 5839372                                {pd product} {ergonomic}
    uintx NonProfiledCodeHeapSize                  = 122909434                              {pd product} {ergonomic}
    uintx ProfiledCodeHeapSize                     = 122909434                              {pd product} {ergonomic}
    uintx ReservedCodeCacheSize                    = 251658240                              {pd product} {ergonomic}
     bool SegmentedCodeCache                       = true                                      {product} {ergonomic}
   size_t SoftMaxHeapSize                          = 2126512128                             {manageable} {ergonomic}
     bool UseCompressedClassPointers               = true                           {product lp64_product} {ergonomic}
     bool UseCompressedOops                        = true                           {product lp64_product} {ergonomic}
     bool UseG1GC                                  = true                                      {product} {ergonomic}
     bool UseLargePagesIndividualAllocation        = false                                  {pd product} {ergonomic}

Logging:
Log output configuration:
 #0: stdout all=warning uptime,level,tags
 #1: stderr all=off uptime,level,tags

Environment Variables:
JAVA_HOME=C:\Program Files\Eclipse Adoptium\jdk-17.0.12.7-hotspot
PATH=C:\Program Files\Eclipse Adoptium\jdk-17.0.12.7-hotspot\bin;C:\SDK\flutter\dart-sdk\bin;C:\SDK\flutter\bin;C:\Program Files\Common Files\Oracle\Java\javapath;C:\Program Files (x86)\Common Files\Oracle\Java\java8path;C:\Program Files (x86)\Common Files\Oracle\Java\javapath;C:\WINDOWS\system32;C:\WINDOWS;C:\WINDOWS\System32\Wbem;C:\WINDOWS\System32\WindowsPowerShell\v1.0\;C:\WINDOWS\System32\OpenSSH\;C:\Program Files\dotnet\;C:\ProgramData\chocolatey\bin;C:\SDK\php;C:\Program Files\nodejs\;C:\Program Files\MongoDB\Server\8.0\bin;C:\Program Files\MySQL\MySQL Shell 9.2\bin\;C:\Users\AkashK\AppData\Local\Programs\Python\Launcher\;C:\Users\AkashK\AppData\Local\Programs\Python\Python39\Scripts\;C:\Users\AkashK\AppData\Local\Programs\Python\Python39\;C:\Users\AkashK\AppData\Local\Microsoft\WindowsApps;C:\Users\AkashK\AppData\Local\Program;C:\Program Files\Cloudflare\Cloudflare WARP\;C:\Users\AkashK\AppData\Roaming\npm;C:\Program Files\Git\cmd;C:\Program Files\Docker\Docker\resources\bin;C:\Users\AkashK\AppData\Local\Programs\Python\Python311\Scripts\;C:\Users\AkashK\AppData\Local\Programs\Python\Python311\;C:\Program Files\Java\jdk-11\bin;C:\SDK\flutter\dart-sdk\bin;C:\SDK\flutter\bin;C:\Program Files\Common Files\Oracle\Java\javapath;C:\Program Files\Eclipse Adoptium\jdk-17.0.12.7-hotspot\bin;C:\WINDOWS\system32;C:\WINDOWS;C:\WINDOWS\System32\Wbem;C:\WINDOWS\System32\WindowsPowerShell\v1.0\;C:\WINDOWS\System32\OpenSSH\;C:\Program Files\Eclipse Adoptium\jdk-17.0.12.7-hotspot\bin;C:\Program Files\dotnet\;C:\Program Files\Java\jdk-17\bin;C:\Program Files\Git\cmd;C:\ProgramData\chocolatey\bin;C:\Program Files\Cloudflare\Cloudflare WARP\;C:\SDK\php;C:\Program Files\nodejs\;C:\Program Files\MongoDB\Server\8.0\bin;C:\Program Files\apache-cassandra-5.0.3-bin\apache-cassandra-5.0.3;C:\Program Files\Java\jdk-11\bin;C:\Users\AkashK\AppData\Local\Programs\Python\Python39\Scripts\;C:\Users\AkashK\AppData\Local\Programs\Python\Python39\;C:\SDK\flutter\dart-sdk\bin;C:\SDK\flutter\bin;C
USERNAME=AkashK
OS=Windows_NT
PROCESSOR_IDENTIFIER=AMD64 Family 25 Model 33 Stepping 0, AuthenticAMD
TMP=C:\Users\AkashK\AppData\Local\Temp
TEMP=C:\Users\AkashK\AppData\Local\Temp



Periodic native trim disabled


---------------  S Y S T E M  ---------------

OS:
 Windows 11 , 64 bit Build 26100 (10.0.26100.4202)
OS uptime: 0 days 2:27 hours
Hyper-V role detected

CPU: total 12 (initial active 12) (12 cores per cpu, 2 threads per core) family 25 model 33 stepping 0 microcode 0xa201030, cx8, cmov, fxsr, ht, mmx, 3dnowpref, sse, sse2, sse3, ssse3, sse4a, sse4.1, sse4.2, popcnt, lzcnt, tsc, tscinvbit, avx, avx2, aes, erms, clmul, bmi1, bmi2, adx, sha, fma, vzeroupper, clflush, clflushopt, hv
Processor Information for all 12 processors :
  Max Mhz: 3701, Current Mhz: 3701, Mhz Limit: 3701

Memory: 4k page, system-wide physical 8106M (1216M free)
TotalPageFile size 20394M (AvailPageFile size 37M)
current process WorkingSet (physical memory assigned to process): 12M, peak: 12M
current process commit charge ("private bytes"): 60M, peak: 61M

vm_info: OpenJDK 64-Bit Server VM (17.0.12+7) for windows-amd64 JRE (17.0.12+7), built on Jul 16 2024 22:08:24 by "admin" with MS VC++ 16.10 / 16.11 (VS2019)

END.
